  TIC 393818343 S 55 SPOC           120s  n= 13387  span= 27.2d  [dip masked]
  TIC 393818343 S 81 TESS-SPOC      200s  n=  8111  span= 26.6d  [dip masked]
  TIC 172370679 S 14 SPOC           120s  n= 12898  span= 26.9d  [dip masked]
  TIC 172370679 S 15 SPOC           120s  n= 13200  span= 23.0d  [dip masked]
  TIC 172370679 S 41 SPOC           120s  n= 18175  span= 26.6d  [dip masked]
  TIC 172370679 S 54 SPOC           120s  n= 17898  span= 26.2d  [dip masked]
  TIC 172370679 S 55 SPOC           120s  n= 18881  span= 27.2d  [dip masked]
  TIC 172370679 S 75 SPOC            20s  n=114975  span= 27.7d  [dip masked]
  TIC 65910228 S  7 TESS-SPOC     1800s  n=  1086  span= 24.4d  [dip masked]
  TIC 65910228 S 33 TESS-SPOC      600s  n=  3485  span= 25.8d  [dip masked]
  TIC 65910228 S34: LightkurveError: Error in reading Data product /Users/air/.cache/lightkurve/m
  TIC 65910228 S 61 TESS-SPOC      200s  n=  9503  span= 24.2d  [dip masked]
  TIC 65910228 S 87 SPOC           120s  n= 14576  span= 24.1d  [dip masked]
  TIC 65910228 S 88 SPOC           120s  n= 19432  span= 27.8d  [dip masked]
  TIC 233577004 S 14 TESS-SPOC     1800s  n=  1220  span= 26.8d  [dip masked]
  TIC 233577004 S 15 TESS-SPOC     1800s  n=   793  span= 22.2d  [dip masked]
  TIC 233577004 S 16 TESS-SPOC     1800s  n=   879  span= 22.4d  [dip masked]
  TIC 233577004 S 17 TESS-SPOC     1800s  n=   922  span= 22.7d  [dip masked]
  TIC 233577004 S 18 TESS-SPOC     1800s  n=   935  span= 22.9d  [dip masked]
  TIC 233577004 S 19 TESS-SPOC     1800s  n=  1067  span= 24.5d  [dip masked]
  TIC 341687821 S 14 TESS-SPOC     1800s  n=   986  span= 24.5d  [dip masked]
  TIC 341687821 S 15 TESS-SPOC     1800s  n=  1038  span= 24.4d  [dip masked]
  TIC 341687821 S 21 TESS-SPOC     1800s  n=  1233  span= 27.3d  [dip masked]
  TIC 341687821 S 22 TESS-SPOC     1800s  n=  1038  span= 25.5d  [dip masked]
  TIC 341687821 S 41 TESS-SPOC      600s  n=  3658  span= 26.6d  [dip masked]
Warning: 32% (408/1288) of the cadences will be ignored due to the quality mask (quality_bitmask=17087).
  TIC 122522333 S  3 TESS-SPOC     1800s  n=   832  span= 20.2d  [dip masked]
  TIC 122522333 S  4 TESS-SPOC     1800s  n=   903  span= 25.5d  [dip masked]
  TIC 122522333 S 30 TESS-SPOC      600s  n=  3146  span= 25.5d  [dip masked]
  TIC 122522333 S 97 SPOC           120s  n= 29434  span= 52.1d  [dip masked]
  TIC 438122862 S  6 TESS-SPOC     1800s  n=   977  span= 21.7d  [dip masked]
  TIC 438122862 S 33 SPOC           120s  n= 17384  span= 25.8d  [dip masked]
  TIC 438122862 S 43 TESS-SPOC      600s  n=  3213  span= 24.2d  [dip masked]
  TIC 438122862 S 44 TESS-SPOC      600s  n=  3119  span= 24.1d  [dip masked]
  TIC 438122862 S 45 TESS-SPOC      600s  n=  3197  span= 24.5d  [dip masked]
  TIC 438122862 S 71 TESS-SPOC      200s  n=  8999  span= 24.1d  [dip masked]
  TIC 232616346 S 14 TESS-SPOC     1800s  n=  1220  span= 26.8d  [dip masked]
  TIC 232616346 S 15 TESS-SPOC     1800s  n=  1036  span= 24.3d
  TIC 232616346 S 16 TESS-SPOC     1800s  n=  1003  span= 23.7d  [dip masked]
  TIC 232616346 S 18 TESS-SPOC     1800s  n=   916  span= 22.8d  [dip masked]
  TIC 232616346 S 19 TESS-SPOC     1800s  n=  1049  span= 24.4d  [dip masked]
  TIC 232616346 S 20 TESS-SPOC     1800s  n=  1171  span= 26.3d  [dip masked]

[09] 40 light curves, 1024 days total
[09] wrote /Users/air/exoplanet-pinn/results/data/noise_pool.npz
