[13] model scalars      <- cnn_pinn_scalars_only
[13] model synth full   <- cnn_pinn_full
[13] model inj full     <- cnn_pinn_inj_full
[13] model inj scalars  <- cnn_pinn_inj_scalars

[13] 30 confirmed single-transit targets (2 original + 28 expanded)
[13] 1 validation-only target(s) reported separately

  [ 1/30] TIC 172370679  TOI-1899           P=   29.09 depth=3.608% FWHM= 3.99h SNR=  34.5 err= 161%  S15 n=None sig_t=0.0000d  [6s, total 0.1m]
  [ 2/30] TIC 65910228   NGTS-38 b          P=  180.53 depth=0.347% FWHM=11.47h SNR=  42.6 err=  16%  S33 n=None sig_t=0.0000d  [3s, total 0.2m]
  [ 3/30] TIC 349576261  TOI-4562 b         P=  225.11 depth=0.945% FWHM= 3.01h SNR=   2.9 err=  93%  S34 n=1 sig_t=0.0005d  [27s, total 0.6m]
  [ 4/30] TIC 141488193  TOI-4127 b         P=   56.40 depth=1.008% FWHM= 2.87h SNR=  15.8 err=  80%  S53 n=0 sig_t=0.0008d  [4s, total 0.7m]
  [ 5/30] TIC 239977528  TOI-5110 b         P=   30.16 depth=0.273% FWHM= 4.43h SNR=   7.8 err=  52%  S71 n=25 sig_t=0.0026d  [6s, total 0.8m]
Warning: 30% (5879/19412) of the cadences will be ignored due to the quality mask (quality_bitmask=17087).
  [ 6/30] TIC 300038935  HD 56414 b         P=   29.05 depth=0.079% FWHM= 4.83h SNR=   4.2 err=   9%  S2 n=1 sig_t=0.0050d  [29s, total 1.3m]
  [ 7/30] TIC 75878355   TOI-2134 c         P=   95.50 depth=1.008% FWHM= 4.27h SNR= 182.0 err=   3%  S52 n=0 sig_t=0.0002d  [4s, total 1.3m]
  [ 8/30] TIC 350618622  TOI-201 c          P= 2890.00 depth=0.657% FWHM=11.13h SNR=  21.3 err=  91%  S64 n=0 sig_t=0.0200d  [40s, total 2.0m]
  [ 9/30] TIC 357312511  TOI-3457 b         P=   32.60 depth=0.542% FWHM= 4.24h SNR=   9.2 err=  48%  S65 n=17 sig_t=0.0007d  [6s, total 2.1m]
  [10/30] TIC 48018596   TOI-2295 b         P=   30.03 depth=0.147% FWHM= 3.29h SNR=   5.9 err=  49%  S26 n=10 sig_t=0.0028d  [16s, total 2.3m]
  [11/30] TIC 287080092  TOI-1751 b         P=   37.47 depth=0.094% FWHM= 4.83h SNR=   7.8 err=   8%  S17 n=1 sig_t=0.0020d  [10s, total 2.5m]
  [12/30] TIC 322807371  NGTS-30 b          P=   98.30 depth=1.182% FWHM= 3.97h SNR=  18.7 err=  48%  S90 n=15 sig_t=0.0020d  [5s, total 2.6m]
  [13/30] TIC 341630071  TOI-2147 b         P=   26.21 depth=0.585% FWHM= 4.54h SNR=  13.1 err=  13%  S40 n=1 sig_t=0.0006d  [8s, total 2.7m]
  [14/30] TIC 232608943  TOI-4600 b         P=   82.69 depth=1.052% FWHM= 5.91h SNR=  12.4 err=  90%  S53 n=0 sig_t=0.0020d  [8s, total 2.9m]
  [15/30] TIC 307958020  TOI-4633 c         P=  271.94 depth=0.077% FWHM= 8.96h SNR=   7.3 err=  33%  S20 n=0 sig_t=0.0088d  [15s, total 3.1m]
  [16/30] TIC 306472057  TOI-791 c          P=  232.02 depth=0.705% FWHM=10.24h SNR=  18.9 err=  25%  S67 n=3 sig_t=0.0025d  [8s, total 3.3m]
  [17/30] TIC 441765914  TOI-2088 b         FAILED: no observed sector contains a predicted transit  [13s, total 3.5m]
  [18/30] TIC 170729775  TOI-2449 b         FAILED: no observed sector contains a predicted transit  [0s, total 3.5m]
  [19/30] TIC 309792357  TOI-199 b          P=  104.85 depth=1.172% FWHM= 5.12h SNR=  38.3 err=  15%  S2 n=1 sig_t=0.0012d  [22s, total 3.9m]
  [20/30] TIC 179582003  TOI-4507 b         P=  104.62 depth=0.465% FWHM= 8.25h SNR=  24.2 err= 100%  S8 n=1 sig_t=0.0008d  [10s, total 4.0m]
  [21/30] TIC 150151262  TOI-712 d          P=   84.84 depth=0.071% FWHM= 0.86h SNR=   2.3 err=  99%  S9 n=1 sig_t=0.0019d  [25s, total 4.5m]
  [22/30] TIC 29781292   HD 28109 d         P=   84.29 depth=0.074% FWHM= 4.11h SNR=   5.0 err=  70%  S5 n=1 sig_t=0.0077d  [7s, total 4.6m]
  [23/30] TIC 55525572   TOI-813 b          P=   83.89 depth=0.158% FWHM=11.61h SNR=  10.5 err=  69%  S5 n=1 sig_t=0.0077d  [26s, total 5.0m]
  [24/30] TIC 261257684  TOI-904 c          P=   84.00 depth=0.328% FWHM= 3.45h SNR=   9.7 err=   9%  S61 n=7 sig_t=0.0052d  [15s, total 5.3m]
  [25/30] TIC 167342439  TOI-707 b          P=   52.80 depth=0.214% FWHM= 2.01h SNR=   5.1 err=  87%  S38 n=1 sig_t=0.0016d  [28s, total 5.7m]
  [26/30] TIC 100990000  HD 22946 d         P=   47.42 depth=0.047% FWHM= 5.36h SNR=   6.7 err=  56%  S4 n=15 sig_t=0.0017d  [18s, total 6.0m]
  [27/30] TIC 147277741  NGTS-34 b          FAILED: no observed sector contains a predicted transit  [0s, total 6.0m]
  [28/30] TIC 332657786  TOI-6478 b         P=   34.01 depth=4.146% FWHM= 2.55h SNR=  12.2 err= 126%  S62 n=16 sig_t=0.0008d  [8s, total 6.2m]
  [29/30] TIC 287139872  TOI-1752 c         P=   32.71 depth=0.560% FWHM= 1.98h SNR=   3.2 err=  83%  S48 n=8 sig_t=0.0059d  [28s, total 6.6m]
  [30/30] TIC 360156606  TOI-1227 b         P=   27.36 depth=1.626% FWHM= 1.65h SNR=   2.2 err=  93%  S11 n=0 sig_t=0.0016d  [38s, total 7.3m]

[13] 17 targets above SNR 7.5; 10 below and excluded from headline numbers
       excluded: TOI-4562 b           SNR=2.9 depth=0.945% FWHM=3.01h (published T14 4.32h)
       excluded: HD 56414 b           SNR=4.2 depth=0.079% FWHM=4.83h (published T14 7.58h)
       excluded: TOI-2295 b           SNR=5.9 depth=0.147% FWHM=3.29h (published T14 3.01h)
       excluded: TOI-4633 c           SNR=7.3 depth=0.077% FWHM=8.96h (published T14 11.45h)
       excluded: TOI-712 d            SNR=2.3 depth=0.071% FWHM=0.86h (published T14 5.70h)
       excluded: HD 28109 d           SNR=5.0 depth=0.074% FWHM=4.11h (published T14 10.32h)
       excluded: TOI-707 b            SNR=5.1 depth=0.214% FWHM=2.01h (published T14 6.21h)
       excluded: HD 22946 d           SNR=6.7 depth=0.047% FWHM=5.36h (published T14 6.48h)
       excluded: TOI-1752 c           SNR=3.2 depth=0.560% FWHM=1.98h (published T14 3.59h)
       excluded: TOI-1227 b           SNR=2.2 depth=1.626% FWHM=1.65h (published T14 4.83h)

========================================================================================================
PER-TARGET RESULTS (expanded confirmed single-transit set)
========================================================================================================
target      true P  e     b     bls27        bls200      analytic     scalars       synth full    inj full      inj scalars 
----------  ------  ----  ----  -----------  ----------  -----------  ------------  ------------  ------------  ------------
TOI-2147 b  26.2    0.29  0.33  25.2 (4%)    25.2 (4%)   5.7 (78%)    22.7 (13%)    10.9 (58%)    15.7 (40%)    23.0 (12%)  
TOI-1227 b  27.4    -     0.85  1.7 (94%)    1.7 (94%)   0.7 (97%)    2.0 (93%)     25.8 (6%)     7.6 (72%)     178.6 (553%)
HD 56414 b  29.0    0.68  0.34  23.3 (20%)   23.3 (20%)  6.6 (77%)    31.7 (9%)     25.8 (11%)    42.3 (46%)    36.3 (25%)  
TOI-1899    29.1    -     -     11.3 (61%)   11.3 (61%)  27.1 (7%)    75.9 (161%)   129.4 (345%)  255.7 (779%)  72.4 (149%) 
TOI-2295 b  30.0    0.33  1.06  21.4 (29%)   21.4 (29%)  2.2 (93%)    15.3 (49%)    15.5 (48%)    18.9 (37%)    15.5 (48%)  
TOI-5110 b  30.2    0.74  0.43  17.0 (44%)   17.0 (44%)  1.6 (95%)    14.5 (52%)    9.1 (70%)     9.8 (67%)     15.1 (50%)  
TOI-3457 b  32.6    0.59  0.29  16.7 (49%)   16.8 (49%)  4.1 (87%)    17.1 (48%)    10.7 (67%)    9.2 (72%)     18.1 (45%)  
TOI-1752 c  32.7    -     0.43  0.9 (97%)    9.1 (72%)   4.5 (86%)    5.6 (83%)     12.5 (62%)    9.4 (71%)     8.5 (74%)   
TOI-6478 b  34.0    -     0.19  15.2 (55%)   15.2 (55%)  49.9 (47%)   76.7 (126%)   111.7 (229%)  69.9 (106%)   72.6 (113%) 
TOI-1751 b  37.5    0.33  0.39  15.7 (58%)   15.7 (58%)  7.8 (79%)    34.6 (8%)     21.4 (43%)    17.8 (53%)    43.3 (15%)  
HD 22946 d  47.4    -     0.46  14.4 (70%)   14.4 (70%)  20.3 (57%)   74.1 (56%)    67.2 (42%)    68.6 (45%)    73.6 (55%)  
TOI-707 b   52.8    -     0.42  14.9 (72%)   14.9 (72%)  1.4 (97%)    6.7 (87%)     5.1 (90%)     7.6 (86%)     14.3 (73%)  
TOI-4127 b  56.4    0.75  0.15  21.2 (62%)   21.2 (62%)  2.2 (96%)    11.5 (80%)    12.0 (79%)    11.9 (79%)    9.8 (83%)   
TOI-4600 b  82.7    0.25  0.39  17.6 (79%)   17.6 (79%)  58.0 (30%)   157.5 (90%)   229.1 (177%)  122.6 (48%)   146.0 (77%) 
TOI-813 b   83.9    0.00  0.30  16.5 (80%)   16.5 (80%)  47.3 (44%)   142.2 (69%)   110.2 (31%)   51.2 (39%)    116.6 (39%) 
TOI-904 c   84.0    -     0.37  13.2 (84%)   9.4 (89%)   26.2 (69%)   91.7 (9%)     30.2 (64%)    46.0 (45%)    78.1 (7%)   
HD 28109 d  84.3    0.01  0.25  9.2 (89%)    9.2 (89%)   4.9 (94%)    25.1 (70%)    20.3 (76%)    28.0 (67%)    28.2 (66%)  
TOI-712 d   84.8    0.07  0.34  12.1 (86%)   12.1 (86%)  0.2 (100%)   0.9 (99%)     3.1 (96%)     29.6 (65%)    20.1 (76%)  
TOI-2134 c  95.5    0.67  0.46  12.1 (87%)   12.1 (87%)  27.1 (72%)   98.0 (3%)     59.2 (38%)    41.8 (56%)    101.4 (6%)  
NGTS-30 b   98.3    0.29  0.78  15.0 (85%)   15.0 (85%)  13.0 (87%)   51.1 (48%)    51.8 (47%)    25.6 (74%)    57.0 (42%)  
TOI-4507 b  104.6   0.09  0.12  11.8 (89%)   11.8 (89%)  92.6 (11%)   208.9 (100%)  143.3 (37%)   134.5 (29%)   212.6 (103%)
TOI-199 b   104.9   0.09  0.45  20.6 (80%)   20.6 (80%)  38.0 (64%)   120.4 (15%)   101.2 (3%)    43.8 (58%)    114.7 (9%)  
NGTS-38 b   180.5   0.31  0.85  18.5 (90%)   18.5 (90%)  55.5 (69%)   150.8 (16%)   228.6 (27%)   206.4 (14%)   128.0 (29%) 
TOI-4562 b  225.1   0.76  0.60  3.7 (98%)    3.7 (98%)   3.6 (98%)    14.8 (93%)    106.2 (53%)   216.8 (4%)    12.6 (94%)  
TOI-791 c   232.0   0.03  0.67  8.9 (96%)    17.8 (92%)  71.8 (69%)   173.5 (25%)   139.0 (40%)   148.0 (36%)   159.9 (31%) 
TOI-4633 c  271.9   0.12  0.33  22.4 (92%)   22.4 (92%)  114.3 (58%)  183.5 (33%)   180.9 (33%)   180.0 (34%)   210.6 (23%) 
TOI-201 c   2890.0  0.65  0.44  14.4 (100%)  21.7 (99%)  135.3 (95%)  250.8 (91%)   363.8 (87%)   379.7 (87%)   254.5 (91%) 

--------------------------------------------------------------------------------------------------------
BLS DIAGNOSTICS
--------------------------------------------------------------------------------------------------------
target      P(0.5-27)  SDE   edge?  cycles in baseline  P(0.5-200)  SDE  edge?
----------  ---------  ----  -----  ------------------  ----------  ---  -----
TOI-2147 b  25.20      4.0   no     1.12                25.21       nan  no   
TOI-1227 b  1.68       18.5  no     15.05               1.68        nan  no   
HD 56414 b  23.34      3.1   no     1.10                23.34       nan  no   
TOI-1899    11.28      2.0   no     2.04                11.27       nan  no   
TOI-2295 b  21.40      2.0   no     1.08                21.40       nan  no   
TOI-5110 b  17.02      2.1   no     1.41                17.03       nan  no   
TOI-3457 b  16.75      0.9   no     1.67                16.76       nan  no   
TOI-1752 c  0.94       3.9   no     26.84               9.08        nan  no   
TOI-6478 b  15.23      0.7   no     1.60                15.23       nan  no   
TOI-1751 b  15.72      0.7   no     1.40                15.73       nan  no   
HD 22946 d  14.37      0.7   no     1.79                14.37       nan  no   
TOI-707 b   14.93      0.7   no     1.79                14.93       nan  no   
TOI-4127 b  21.18      2.1   no     1.18                21.18       nan  no   
TOI-4600 b  17.58      1.0   no     1.42                17.59       nan  no   
TOI-813 b   16.54      0.9   no     1.54                16.54       nan  no   
TOI-904 c   13.23      nan   no     1.79                9.44        nan  no   
HD 28109 d  9.23       0.9   no     2.75                9.23        nan  no   
TOI-712 d   12.08      3.0   no     2.00                12.09       nan  no   
TOI-2134 c  12.11      2.1   no     2.02                12.12       nan  no   
NGTS-30 b   15.01      0.7   no     1.74                15.01       nan  no   
TOI-4507 b  11.82      1.7   no     2.03                11.82       nan  no   
TOI-199 b   20.59      1.9   no     1.33                20.60       nan  no   
NGTS-38 b   18.49      1.2   no     1.40                18.49       nan  no   
TOI-4562 b  3.73       4.9   no     6.68                3.73        nan  no   
TOI-791 c   8.90       2.5   no     2.79                17.81       nan  no   
TOI-4633 c  22.42      2.5   no     1.17                22.43       nan  no   
TOI-201 c   14.44      2.0   no     1.86                21.70       nan  no   

========================================================================================================
SUMMARY - detectable single-transit targets, n=17
========================================================================================================
method       n   median err  worst  median dex  within 2x  1sig coverage
-----------  --  ----------  -----  ----------  ---------  -------------
bls27        17  80.3%       100%   0.705       100%       -            
bls200       17  80.3%       99%    0.705       100%       -            
analytic     17  69.3%       96%    0.512       100%       -            
scalars      17  48.0%       161%   0.280       88%        14/17 (82%)  
synth full   17  58.3%       345%   0.380       82%        8/17 (47%)   
inj full     17  56.3%       779%   0.324       88%        8/17 (47%)   
inj scalars  17  42.0%       149%   0.237       82%        14/17 (82%)  

========================================================================================================
SUMMARY - all processed incl. low-SNR, n=27
========================================================================================================
method       n   median err  worst  median dex  within 2x  1sig coverage
-----------  --  ----------  -----  ----------  ---------  -------------
bls27        27  80.4%       100%   0.707       100%       -            
bls200       27  80.3%       99%    0.705       100%       -            
analytic     27  78.1%       100%   0.660       100%       -            
scalars      27  56.3%       161%   0.284       93%        19/27 (70%)  
synth full   27  52.8%       345%   0.326       89%        15/27 (56%)  
inj full     27  56.3%       779%   0.324       93%        15/27 (56%)  
inj scalars  27  49.8%       553%   0.256       85%        22/27 (81%)  

--------------------------------------------------------------------------------------------------------
BY ECCENTRICITY - median |error| (same bins as the synthetic analysis)
--------------------------------------------------------------------------------------------------------
eccentricity  n  analytic  scalars  synth full  inj full  inj scalars
------------  -  --------  -------  ----------  --------  -----------
0.00-0.15     3  64%       25%      37%         36%       31%        
0.15-0.35     5  78%       16%      47%         48%       29%        
0.35-0.95     5  95%       52%      70%         72%       50%        

--------------------------------------------------------------------------------------------------------
BY IMPACT PARAMETER - median |error| (same bins as the synthetic analysis)
--------------------------------------------------------------------------------------------------------
impact parameter  n  analytic  scalars  synth full  inj full  inj scalars
----------------  -  --------  -------  ----------  --------  -----------
0.00-0.30         4  67%       90%      73%         75%       93%        
0.30-0.50         9  72%       15%      58%         53%       15%        
0.70-1.20         2  78%       32%      37%         44%       36%        

========================================================================================================
VALIDATION-ONLY (NOT single-transit; excluded from all numbers above)
========================================================================================================
target         true P  bls27       bls200      analytic   scalars     synth full  inj full   inj scalars
-------------  ------  ----------  ----------  ---------  ----------  ----------  ---------  -----------
TIC 393818343  16.25   14.2 (12%)  14.2 (12%)  4.9 (70%)  18.4 (13%)  7.3 (55%)   8.3 (49%)  17.8 (9%)  

3 targets failed to process:
    TOI-2088 b               no observed sector contains a predicted transit
    TOI-2449 b               no observed sector contains a predicted transit
    NGTS-34 b                no observed sector contains a predicted transit

[13] wrote /Users/air/exoplanet-pinn/results/data/expanded_results.json
